================================================================
== Design Size Report
================================================================

* Total Instructions per Compilation Phase
+---------------+-----------------------------+--------------+----------------------------------------------------------------------------------------+
| Phase         | Step                        | Instructions | Description                                                                            |
+---------------+-----------------------------+--------------+----------------------------------------------------------------------------------------+
| Compile/Link  |                             | 2,968        | After all functions are compiled and linked into a single design                       |
|               |                             |              |                                                                                        |
| Unroll/Inline |                             |              | After user unroll and inline pragmas are applied                                       |
|               | (1) unroll                  | 3,202        | user unroll pragmas are applied                                                        |
|               | (2) simplification          | 2,409        | simplification of applied user unroll pragmas                                          |
|               | (3) inline                  | 2,402        | user inline pragmas are applied                                                        |
|               | (4) simplification          | 2,218        | simplification of applied user inline pragmas                                          |
|               |                             |              |                                                                                        |
| Array/Struct  |                             |              | After user array partition and struct aggregate/disaggregate pragmas are applied       |
|               | (1) array partition         | 2,091        | user array partition pragmas are applied                                               |
|               | (2) simplification          | 1,919        | simplification of applied user array partition & struct aggregate/disaggregate pragmas |
|               | (3) aggregate/disaggregate  | 1,940        | user struct aggregate/disaggregate pragmas are applied                                 |
|               | (4) array reshape           | 3,479        | apply array reshape pragmas                                                            |
|               | (5) access patterns         | 3,526        | array access pattern optmizations                                                      |
|               |                             |              |                                                                                        |
| Performance   |                             |              | After transformations are applied to meet performance pragma targets                   |
|               | (1) loop simplification     | 3,458        | loop and instruction simplification                                                    |
|               | (2) parallelization         | 3,433        | loops are unrolled or pipelined to meet performance targets                            |
|               | (3) array partition         | 3,377        | arrays are partitioned to meet performance targets                                     |
|               | (4) simplification          | 3,377        | simplification of design after performance transformations                             |
|               |                             |              |                                                                                        |
| HW Transforms |                             |              | After hardware transfomations                                                          |
|               | (1) lowering                | 3,365        | initial conversion to HW specific instructions                                         |
|               | (2) optimizations           | 3,350        | high level synthesis optimizations                                                     |
+---------------+-----------------------------+--------------+----------------------------------------------------------------------------------------+

* Instructions per Function for each Compilation Phase
+---------------------------------------+----------------------+----------------+----------------+----------------+----------------+----------------+
| Function                              | Location             | Compile/Link   | Unroll/Inline  | Array/Struct   | Performance    | HW Transforms  |
+---------------------------------------+----------------------+----------------+----------------+----------------+----------------+----------------+
| + v_frmbuf_wr                         | v_frmbuf_wr.cpp:115  | 2,968          | 2,218          | 3,526          | 3,377          | 3,350          |
|  + FrmbufWrHlsDataFlow                | v_frmbuf_wr.cpp:69   | 2,834          | 2,152          | 3,461          | 3,324          | 3,285          |
|                                       | v_frmbuf_wr.h:250    |    7           |                |                |                |                |
|   + AXIvideo2MultiPixStream           | v_frmbuf_wr.cpp:213  |  617           |  304           |  337           |  269           |  263           |
|      Scalar                           | hls_video_core.h:196 |    5           |                |                |                |                |
|      reg<unsigned short>              | x_hls_utils.h:222    |    2 (2 calls) |    2 (2 calls) |    2 (2 calls) |    2 (2 calls) |    8 (2 calls) |
|    + AXIGetBitFields<120, ap_uint...  | hls_axi_io.h:83      |  222 (3 calls) |                |                |                |                |
|       AXIGetBitFields<120, ap_uint... | hls_axi_io.h:60      |  204 (3 calls) |                |                |                |                |
|   + MultiPixStream2Bytes              | v_frmbuf_wr.cpp:326  | 2,002          | 1,747          | 3,038          | 2,974          | 2,919          |
|      Scalar                           | hls_video_core.h:196 |    5           |                |                |                |                |
|     Bytes2AXIMMvideo                  | v_frmbuf_wr.cpp:1296 |  164           |   71           |   72           |   67           |   84           |
+---------------------------------------+----------------------+----------------+----------------+----------------+----------------+----------------+

* Design Size Message Settings
+---------------------------------------------+--------+------------------------------------------------------------------+
| Message Setting                             | Value  | Description                                                      |
+---------------------------------------------+--------+------------------------------------------------------------------+
| config_compile -design_size_maximum_warning | 100000 | Show a warning when total design instructions exceeds this value |
+---------------------------------------------+--------+------------------------------------------------------------------+


