

================================================================
== Vitis HLS Report for 'Bytes2MultiPixStream_Pipeline_VITIS_LOOP_1155_9'
================================================================
* Date:           Thu May  9 19:06:45 2024

* Version:        2023.2 (Build 4023990 on Oct 11 2023)
* Project:        prj
* Solution:       sol (Vivado IP Flow Target)
* Product family: versalaicore
* Target device:  xcvc1902-vsva2197-2MP-e-S


================================================================
== Performance Estimates
================================================================
+ Timing: 
    * Summary: 
    +--------+---------+----------+------------+
    |  Clock |  Target | Estimated| Uncertainty|
    +--------+---------+----------+------------+
    |ap_clk  |  3.33 ns|  1.984 ns|     0.90 ns|
    +--------+---------+----------+------------+

+ Latency: 
    * Summary: 
    +---------+---------+----------+-----------+-----+------+---------+
    |  Latency (cycles) |  Latency (absolute)  |  Interval  | Pipeline|
    |   min   |   max   |    min   |    max    | min |  max |   Type  |
    +---------+---------+----------+-----------+-----+------+---------+
    |        2|     5466|  6.666 ns|  18.218 us|    2|  5466|       no|
    +---------+---------+----------+-----------+-----+------+---------+

    + Detail: 
        * Instance: 
        N/A

        * Loop: 
        +---------------------+---------+---------+----------+-----------+-----------+---------+----------+
        |                     |  Latency (cycles) | Iteration|  Initiation Interval  |   Trip  |          |
        |      Loop Name      |   min   |   max   |  Latency |  achieved |   target  |  Count  | Pipelined|
        +---------------------+---------+---------+----------+-----------+-----------+---------+----------+
        |- VITIS_LOOP_1155_9  |        0|     5464|         9|          8|          8|  0 ~ 683|       yes|
        +---------------------+---------+---------+----------+-----------+-----------+---------+----------+



================================================================
== Utilization Estimates
================================================================
* Summary: 
+-----------------+---------+------+---------+--------+-----+
|       Name      | BRAM_18K|  DSP |    FF   |   LUT  | URAM|
+-----------------+---------+------+---------+--------+-----+
|DSP              |        -|     -|        -|       -|    -|
|Expression       |        -|     -|        0|     104|    -|
|FIFO             |        -|     -|        -|       -|    -|
|Instance         |        -|     -|        -|       -|    -|
|Memory           |        -|     -|        -|       -|    -|
|Multiplexer      |        -|     -|        -|     642|    -|
|Register         |        -|     -|      704|       -|    -|
+-----------------+---------+------+---------+--------+-----+
|Total            |        0|     0|      704|     746|    0|
+-----------------+---------+------+---------+--------+-----+
|Available        |     1934|  1968|  1799680|  899840|  463|
+-----------------+---------+------+---------+--------+-----+
|Utilization (%)  |        0|     0|       ~0|      ~0|    0|
+-----------------+---------+------+---------+--------+-----+

+ Detail: 
    * Instance: 
    N/A

    * DSP: 
    N/A

    * Memory: 
    N/A

    * FIFO: 
    N/A

    * Expression: 
    +----------------------------------+----------+----+---+----+------------+------------+
    |           Variable Name          | Operation| DSP| FF| LUT| Bitwidth P0| Bitwidth P1|
    +----------------------------------+----------+----+---+----+------------+------------+
    |x_5_fu_357_p2                     |         +|   0|  0|  10|          10|           1|
    |ap_block_pp0_stage0_01001         |       and|   0|  0|   2|           1|           1|
    |ap_block_pp0_stage1_01001         |       and|   0|  0|   2|           1|           1|
    |ap_block_pp0_stage2_01001         |       and|   0|  0|   2|           1|           1|
    |ap_block_pp0_stage3_01001         |       and|   0|  0|   2|           1|           1|
    |ap_block_pp0_stage4_01001         |       and|   0|  0|   2|           1|           1|
    |ap_block_pp0_stage5_01001         |       and|   0|  0|   2|           1|           1|
    |ap_block_pp0_stage6_01001         |       and|   0|  0|   2|           1|           1|
    |ap_block_pp0_stage7_01001         |       and|   0|  0|   2|           1|           1|
    |ap_block_state5_pp0_stage4_iter0  |       and|   0|  0|   2|           1|           1|
    |ap_block_state6_pp0_stage5_iter0  |       and|   0|  0|   2|           1|           1|
    |ap_block_state7_pp0_stage6_iter0  |       and|   0|  0|   2|           1|           1|
    |ap_block_state8_pp0_stage7_iter0  |       and|   0|  0|   2|           1|           1|
    |ap_block_state9_pp0_stage0_iter1  |       and|   0|  0|   2|           1|           1|
    |ap_predicate_op119_read_state3    |       and|   0|  0|   2|           1|           1|
    |ap_predicate_op126_write_state3   |       and|   0|  0|   2|           1|           1|
    |ap_predicate_op129_read_state4    |       and|   0|  0|   2|           1|           1|
    |ap_predicate_op142_write_state4   |       and|   0|  0|   2|           1|           1|
    |ap_predicate_op160_write_state5   |       and|   0|  0|   2|           1|           1|
    |ap_predicate_op178_write_state6   |       and|   0|  0|   2|           1|           1|
    |ap_predicate_op198_write_state7   |       and|   0|  0|   2|           1|           1|
    |ap_predicate_op216_write_state8   |       and|   0|  0|   2|           1|           1|
    |ap_predicate_op96_write_state2    |       and|   0|  0|   2|           1|           1|
    |icmp_ln1155_fu_367_p2             |      icmp|   0|  0|  11|          11|          11|
    |icmp_ln1162_fu_373_p2             |      icmp|   0|  0|  11|          11|          11|
    |ap_block_state2_pp0_stage1_iter0  |        or|   0|  0|   2|           1|           1|
    |ap_block_state3_pp0_stage2_iter0  |        or|   0|  0|   2|           1|           1|
    |ap_block_state4_pp0_stage3_iter0  |        or|   0|  0|   2|           1|           1|
    |or_ln1162_fu_379_p2               |        or|   0|  0|   2|           1|           1|
    |or_ln1165_fu_385_p2               |        or|   0|  0|   2|           1|           1|
    |or_ln1186_1_fu_397_p2             |        or|   0|  0|   2|           1|           1|
    |or_ln1186_2_fu_403_p2             |        or|   0|  0|   2|           1|           1|
    |or_ln1186_3_fu_409_p2             |        or|   0|  0|   2|           1|           1|
    |or_ln1186_4_fu_415_p2             |        or|   0|  0|   2|           1|           1|
    |or_ln1186_5_fu_421_p2             |        or|   0|  0|   2|           1|           1|
    |or_ln1186_6_fu_427_p2             |        or|   0|  0|   2|           1|           1|
    |or_ln1186_7_fu_433_p2             |        or|   0|  0|   2|           1|           1|
    |or_ln1186_fu_391_p2               |        or|   0|  0|   2|           1|           1|
    |ap_enable_pp0                     |       xor|   0|  0|   2|           1|           2|
    +----------------------------------+----------+----+---+----+------------+------------+
    |Total                             |          |   0|  0| 104|          68|          60|
    +----------------------------------+----------+----+---+----+------------+------------+

    * Multiplexer: 
    +-----------------------------+-----+-----------+-----+-----------+
    |             Name            | LUT | Input Size| Bits| Total Bits|
    +-----------------------------+-----+-----------+-----+-----------+
    |ap_NS_fsm                    |   10|          9|    1|          9|
    |ap_done_int                  |    2|          2|    1|          2|
    |ap_enable_reg_pp0_iter0      |    2|          2|    1|          2|
    |ap_enable_reg_pp0_iter0_reg  |    2|          2|    1|          2|
    |ap_enable_reg_pp0_iter1      |    2|          2|    1|          2|
    |ap_sig_allocacmp_x           |   10|          2|   10|         20|
    |bytePlanes_plane0_blk_n      |    2|          2|    1|          2|
    |img_blk_n                    |    2|          2|    1|          2|
    |img_din                      |  600|          9|  120|       1080|
    |x_2_fu_202                   |   10|          2|   10|         20|
    +-----------------------------+-----+-----------+-----+-----------+
    |Total                        |  642|         34|  147|       1141|
    +-----------------------------+-----+-----------+-----+-----------+

    * Register: 
    +-----------------------------+-----+----+-----+-----------+
    |             Name            |  FF | LUT| Bits| Const Bits|
    +-----------------------------+-----+----+-----+-----------+
    |ap_CS_fsm                    |    8|   0|    8|          0|
    |ap_done_reg                  |    1|   0|    1|          0|
    |ap_enable_reg_pp0_iter0_reg  |    1|   0|    1|          0|
    |ap_enable_reg_pp0_iter1      |    1|   0|    1|          0|
    |icmp_ln1155_reg_1871         |    1|   0|    1|          0|
    |or_ln1162_reg_1875           |    1|   0|    1|          0|
    |or_ln1165_reg_1879           |    1|   0|    1|          0|
    |or_ln1186_1_reg_1887         |    1|   0|    1|          0|
    |or_ln1186_2_reg_1891         |    1|   0|    1|          0|
    |or_ln1186_3_reg_1895         |    1|   0|    1|          0|
    |or_ln1186_4_reg_1899         |    1|   0|    1|          0|
    |or_ln1186_5_reg_1903         |    1|   0|    1|          0|
    |or_ln1186_6_reg_1907         |    1|   0|    1|          0|
    |or_ln1186_7_reg_1911         |    1|   0|    1|          0|
    |or_ln1186_reg_1883           |    1|   0|    1|          0|
    |rd1_fu_206                   |  256|   0|  256|          0|
    |rd2_fu_210                   |  256|   0|  256|          0|
    |tmp_72_reg_1920              |    8|   0|    8|          0|
    |tmp_73_reg_1925              |    8|   0|    8|          0|
    |tmp_74_reg_1930              |    8|   0|    8|          0|
    |tmp_75_reg_1935              |    8|   0|    8|          0|
    |tmp_76_reg_1940              |    8|   0|    8|          0|
    |tmp_77_reg_1945              |    8|   0|    8|          0|
    |tmp_78_reg_1950              |    8|   0|    8|          0|
    |tmp_79_reg_1955              |    8|   0|    8|          0|
    |tmp_80_reg_1960              |    8|   0|    8|          0|
    |tmp_81_reg_1965              |    8|   0|    8|          0|
    |tmp_82_reg_1970              |    8|   0|    8|          0|
    |tmp_83_reg_1975              |    8|   0|    8|          0|
    |tmp_84_reg_1980              |    8|   0|    8|          0|
    |tmp_85_reg_1985              |    8|   0|    8|          0|
    |tmp_86_reg_1990              |    8|   0|    8|          0|
    |tmp_87_reg_1995              |    8|   0|    8|          0|
    |tmp_88_reg_2000              |    8|   0|    8|          0|
    |tmp_89_reg_2005              |    8|   0|    8|          0|
    |tmp_90_reg_2010              |    8|   0|    8|          0|
    |tmp_s_reg_1915               |    8|   0|    8|          0|
    |x_2_fu_202                   |   10|   0|   10|          0|
    +-----------------------------+-----+----+-----+-----------+
    |Total                        |  704|   0|  704|          0|
    +-----------------------------+-----+----+-----+-----------+



================================================================
== Interface
================================================================
* Summary: 
+----------------------------------+-----+-----+------------+-------------------------------------------------+--------------+
|             RTL Ports            | Dir | Bits|  Protocol  |                  Source Object                  |    C Type    |
+----------------------------------+-----+-----+------------+-------------------------------------------------+--------------+
|ap_clk                            |   in|    1|  ap_ctrl_hs|  Bytes2MultiPixStream_Pipeline_VITIS_LOOP_1155_9|  return value|
|ap_rst                            |   in|    1|  ap_ctrl_hs|  Bytes2MultiPixStream_Pipeline_VITIS_LOOP_1155_9|  return value|
|ap_start                          |   in|    1|  ap_ctrl_hs|  Bytes2MultiPixStream_Pipeline_VITIS_LOOP_1155_9|  return value|
|ap_done                           |  out|    1|  ap_ctrl_hs|  Bytes2MultiPixStream_Pipeline_VITIS_LOOP_1155_9|  return value|
|ap_idle                           |  out|    1|  ap_ctrl_hs|  Bytes2MultiPixStream_Pipeline_VITIS_LOOP_1155_9|  return value|
|ap_ready                          |  out|    1|  ap_ctrl_hs|  Bytes2MultiPixStream_Pipeline_VITIS_LOOP_1155_9|  return value|
|img_din                           |  out|  120|     ap_fifo|                                              img|       pointer|
|img_num_data_valid                |   in|    3|     ap_fifo|                                              img|       pointer|
|img_fifo_cap                      |   in|    3|     ap_fifo|                                              img|       pointer|
|img_full_n                        |   in|    1|     ap_fifo|                                              img|       pointer|
|img_write                         |  out|    1|     ap_fifo|                                              img|       pointer|
|trunc_ln2                         |   in|   11|     ap_none|                                        trunc_ln2|        scalar|
|icmp_ln1144                       |   in|    1|   ap_stable|                                      icmp_ln1144|        scalar|
|cmp392_6                          |   in|    1|   ap_stable|                                         cmp392_6|        scalar|
|cmp392_5                          |   in|    1|   ap_stable|                                         cmp392_5|        scalar|
|cmp392_4                          |   in|    1|   ap_stable|                                         cmp392_4|        scalar|
|icmp25                            |   in|    1|   ap_stable|                                           icmp25|        scalar|
|cmp392_2                          |   in|    1|   ap_stable|                                         cmp392_2|        scalar|
|icmp22                            |   in|    1|   ap_stable|                                           icmp22|        scalar|
|cmp392                            |   in|    1|   ap_stable|                                           cmp392|        scalar|
|cmp292                            |   in|    1|     ap_none|                                           cmp292|        scalar|
|bytePlanes_plane0_dout            |   in|  256|     ap_fifo|                                bytePlanes_plane0|       pointer|
|bytePlanes_plane0_num_data_valid  |   in|   10|     ap_fifo|                                bytePlanes_plane0|       pointer|
|bytePlanes_plane0_fifo_cap        |   in|   10|     ap_fifo|                                bytePlanes_plane0|       pointer|
|bytePlanes_plane0_empty_n         |   in|    1|     ap_fifo|                                bytePlanes_plane0|       pointer|
|bytePlanes_plane0_read            |  out|    1|     ap_fifo|                                bytePlanes_plane0|       pointer|
|sub280                            |   in|   11|     ap_none|                                           sub280|        scalar|
|cmp283                            |   in|    1|     ap_none|                                           cmp283|        scalar|
+----------------------------------+-----+-----+------------+-------------------------------------------------+--------------+

